ps=[0.01, 0.1, 1.0], t_max=1e+06, ssize=1024, n_peaks=20, seed=20260728
community found in 0.9s after 1 draw(s): 2 of 10 strains survive
3 runs on 3 process(es), ~5 MB of field per run
p=0.01: k*=11.507, growth rate=0.1281, L=10.921 = 20 wavelengths, dx=0.01066 (51.2 points per peak)
p=1: k*=6.504, growth rate=0.009011, L=19.320 = 20 wavelengths, dx=0.01887 (51.2 points per peak)
p=0.1: k*=7.755, growth rate=0.05295, L=16.205 = 20 wavelengths, dx=0.01582 (51.2 points per peak)
  p=0.01        66.3s  k*=11.507  L=  10.92  599 rows
    [1/3 done, checkpointed]
  p=0.1        146.9s  k*= 7.755  L=  16.20  599 rows
    [2/3 done, checkpointed]
  p=1          929.5s  k*= 6.504  L=  19.32  599 rows
    [3/3 done, checkpointed]
all runs finished in 929.7s; wrote /home/kabir/Work/03 UCL/Projects/2025 Spatial Ecology/20260609 Jans Code/SSMC-python/Consolidated/Fig 3 Kymo/20260728_fig3kymo_data.npz
wrote /home/kabir/Work/03 UCL/Projects/2025 Spatial Ecology/20260609 Jans Code/SSMC-python/Consolidated/Fig 3 Kymo/Panels/20260728_fig3kymo_kymograph_linear.png and /home/kabir/Work/03 UCL/Projects/2025 Spatial Ecology/20260609 Jans Code/SSMC-python/Consolidated/Fig 3 Kymo/Panels/20260728_fig3kymo_kymograph_linear.svg
wrote /home/kabir/Work/03 UCL/Projects/2025 Spatial Ecology/20260609 Jans Code/SSMC-python/Consolidated/Fig 3 Kymo/Panels/20260728_fig3kymo_kymograph_log.png and /home/kabir/Work/03 UCL/Projects/2025 Spatial Ecology/20260609 Jans Code/SSMC-python/Consolidated/Fig 3 Kymo/Panels/20260728_fig3kymo_kymograph_log.svg
wrote /home/kabir/Work/03 UCL/Projects/2025 Spatial Ecology/20260609 Jans Code/SSMC-python/Consolidated/Fig 3 Kymo/Panels/20260728_fig3kymo_p0.01_linear.png and /home/kabir/Work/03 UCL/Projects/2025 Spatial Ecology/20260609 Jans Code/SSMC-python/Consolidated/Fig 3 Kymo/Panels/20260728_fig3kymo_p0.01_linear.svg
wrote /home/kabir/Work/03 UCL/Projects/2025 Spatial Ecology/20260609 Jans Code/SSMC-python/Consolidated/Fig 3 Kymo/Panels/20260728_fig3kymo_p0.01_log.png and /home/kabir/Work/03 UCL/Projects/2025 Spatial Ecology/20260609 Jans Code/SSMC-python/Consolidated/Fig 3 Kymo/Panels/20260728_fig3kymo_p0.01_log.svg
wrote /home/kabir/Work/03 UCL/Projects/2025 Spatial Ecology/20260609 Jans Code/SSMC-python/Consolidated/Fig 3 Kymo/Panels/20260728_fig3kymo_p0.1_linear.png and /home/kabir/Work/03 UCL/Projects/2025 Spatial Ecology/20260609 Jans Code/SSMC-python/Consolidated/Fig 3 Kymo/Panels/20260728_fig3kymo_p0.1_linear.svg
wrote /home/kabir/Work/03 UCL/Projects/2025 Spatial Ecology/20260609 Jans Code/SSMC-python/Consolidated/Fig 3 Kymo/Panels/20260728_fig3kymo_p0.1_log.png and /home/kabir/Work/03 UCL/Projects/2025 Spatial Ecology/20260609 Jans Code/SSMC-python/Consolidated/Fig 3 Kymo/Panels/20260728_fig3kymo_p0.1_log.svg
wrote /home/kabir/Work/03 UCL/Projects/2025 Spatial Ecology/20260609 Jans Code/SSMC-python/Consolidated/Fig 3 Kymo/Panels/20260728_fig3kymo_p1_linear.png and /home/kabir/Work/03 UCL/Projects/2025 Spatial Ecology/20260609 Jans Code/SSMC-python/Consolidated/Fig 3 Kymo/Panels/20260728_fig3kymo_p1_linear.svg
wrote /home/kabir/Work/03 UCL/Projects/2025 Spatial Ecology/20260609 Jans Code/SSMC-python/Consolidated/Fig 3 Kymo/Panels/20260728_fig3kymo_p1_log.png and /home/kabir/Work/03 UCL/Projects/2025 Spatial Ecology/20260609 Jans Code/SSMC-python/Consolidated/Fig 3 Kymo/Panels/20260728_fig3kymo_p1_log.svg
wrote /home/kabir/Work/03 UCL/Projects/2025 Spatial Ecology/20260609 Jans Code/SSMC-python/Consolidated/Fig 3 Kymo/20260728_fig3kymo_parameters.md

community: 2 of 10 strains survive, found on draw 1
       p       k*     growth         L   solver
    0.01   11.507     0.1281    10.921   reached t_max
     0.1    7.755    0.05295    16.205   reached t_max
       1    6.504   0.009011    19.320   reached t_max
